# Tests that the makeGraph method properly creates a one node
# graph with no edges or anything, prints it out

loaded graph g

g contains: n1
the children of n1 in g are: