# Tests that the makeGraph method properly creates the nodes with edges
# going both directions, prints out path between both

loaded graph g

path from n1 to n2:
n1 to n2 via same

path from n2 to n1:
n2 to n1 via same