# Tests that a graph can be created, the nodes contained in the
# graph can be printed out (which should be empty)

# Create a graph
created graph1

# Prints the nodes contained in the graph
graph contains: