# Tests that a graph can be created, a node can be
# added to it, and a node can be printed out

# Create a graph
created graph graph1

# Add a node
added node n1 to graph1

# Prints the nodes contained in the graph
graph1 contains: n1