# Tests Dijkstra's algorithm on two nodes with no path to
# each other, prints it out

created graph g

added node A to g
added node B to g

path from A to B:
no path found