# Tests that the ListChildren method in the driver compares edges numerically
# , outputs them out

created graph g

added node A to g
added node B to g

added edge 5.000 from A to B in g
added edge 1.000 from A to B in g

the children of A in g are: B(1.000) B(5.000)